#-----------------------------------------------------------
# Vivado v2024.1 (64-bit)
# SW Build 5076996 on Wed May 22 18:37:14 MDT 2024
# IP Build 5075265 on Wed May 22 21:45:21 MDT 2024
# SharedData Build 5076995 on Wed May 22 18:29:18 MDT 2024
# Start of session at: Fri Dec 13 16:51:07 2024
# Process ID: 20524
# Current directory: C:/Users/mmval/OneDrive/Documentos/UNIVERSIDAD MANU/CUARTO/S.E.D/LAB/Version1/Version1.sim/sim_1/behav/xsim
# Command line: vivado.exe -gui_launcher_event rodinguilauncherevent15088 C:\Users\mmval\OneDrive\Documentos\UNIVERSIDAD MANU\CUARTO\S.E.D\LAB\Version1\Version1.sim\sim_1\behav\xsim\TopAscensor_TB_behav.wdb
# Log file: C:/Users/mmval/OneDrive/Documentos/UNIVERSIDAD MANU/CUARTO/S.E.D/LAB/Version1/Version1.sim/sim_1/behav/xsim/vivado.log
# Journal file: C:/Users/mmval/OneDrive/Documentos/UNIVERSIDAD MANU/CUARTO/S.E.D/LAB/Version1/Version1.sim/sim_1/behav/xsim\vivado.jou
# Running On        :LAPTOP-4TJH4QHR
# Platform          :Windows Server 2016 or Windows 10
# Operating System  :22631
# Processor Detail  :Intel(R) Core(TM) i7-1065G7 CPU @ 1.30GHz
# CPU Frequency     :1498 MHz
# CPU Physical cores:4
# CPU Logical cores :8
# Host memory       :16951 MB
# Swap memory       :11811 MB
# Total Virtual     :28762 MB
# Available Virtual :10499 MB
#-----------------------------------------------------------
start_gui
open_wave_database {C:\Users\mmval\OneDrive\Documentos\UNIVERSIDAD MANU\CUARTO\S.E.D\LAB\Version1\Version1.sim\sim_1\behav\xsim\TopAscensor_TB_behav.wdb}
close_sim
