#-----------------------------------------------------------
# Vivado v2024.1 (64-bit)
# SW Build 5076996 on Wed May 22 18:37:14 MDT 2024
# IP Build 5075265 on Wed May 22 21:45:21 MDT 2024
# SharedData Build 5076995 on Wed May 22 18:29:18 MDT 2024
# Start of session at: Fri Dec 13 16:42:52 2024
# Process ID: 13056
# Current directory: C:/Users/mmval/OneDrive/Documentos/UNIVERSIDAD MANU/CUARTO/S.E.D/LAB/Version1
# Command line: vivado.exe -gui_launcher_event rodinguilauncherevent8808 C:\Users\mmval\OneDrive\Documentos\UNIVERSIDAD MANU\CUARTO\S.E.D\LAB\Version1\Version1.xpr
# Log file: C:/Users/mmval/OneDrive/Documentos/UNIVERSIDAD MANU/CUARTO/S.E.D/LAB/Version1/vivado.log
# Journal file: C:/Users/mmval/OneDrive/Documentos/UNIVERSIDAD MANU/CUARTO/S.E.D/LAB/Version1\vivado.jou
# Running On        :LAPTOP-4TJH4QHR
# Platform          :Windows Server 2016 or Windows 10
# Operating System  :22631
# Processor Detail  :Intel(R) Core(TM) i7-1065G7 CPU @ 1.30GHz
# CPU Frequency     :1498 MHz
# CPU Physical cores:4
# CPU Logical cores :8
# Host memory       :16951 MB
# Swap memory       :11811 MB
# Total Virtual     :28762 MB
# Available Virtual :11801 MB
#-----------------------------------------------------------
start_gui
open_project {C:/Users/mmval/OneDrive/Documentos/UNIVERSIDAD MANU/CUARTO/S.E.D/LAB/Version1/Version1.xpr}
update_compile_order -fileset sources_1
launch_simulation
launch_simulation
launch_simulation
set_property SOURCE_SET sources_1 [get_filesets sim_1]
close [ open {C:/Users/mmval/OneDrive/Documentos/UNIVERSIDAD MANU/CUARTO/S.E.D/LAB/Version1/Version1.srcs/sim_1/new/TopAscensor_TB.vhd} w ]
add_files -fileset sim_1 {{C:/Users/mmval/OneDrive/Documentos/UNIVERSIDAD MANU/CUARTO/S.E.D/LAB/Version1/Version1.srcs/sim_1/new/TopAscensor_TB.vhd}}
update_compile_order -fileset sim_1
export_ip_user_files -of_objects  [get_files {{C:/Users/mmval/OneDrive/Documentos/UNIVERSIDAD MANU/CUARTO/S.E.D/LAB/Version1/Version1.srcs/sim_1/new/top_tb.vhd}}] -no_script -reset -force -quiet
remove_files  -fileset sim_1 {{C:/Users/mmval/OneDrive/Documentos/UNIVERSIDAD MANU/CUARTO/S.E.D/LAB/Version1/Version1.srcs/sim_1/new/top_tb.vhd}}
update_compile_order -fileset sim_1
update_compile_order -fileset sim_1
set_property top TopAscensor_TB [get_filesets sim_1]
set_property top_lib xil_defaultlib [get_filesets sim_1]
update_compile_order -fileset sim_1
launch_simulation
launch_simulation
source TopAscensor_TB.tcl
close_sim
synth_design -rtl -rtl_skip_mlo -name rtl_1
launch_simulation
source TopAscensor_TB.tcl
close_sim
launch_simulation
source TopAscensor_TB.tcl
close_sim
launch_simulation
launch_simulation
source TopAscensor_TB.tcl
close_sim
refresh_design
close_design
synth_design -rtl -rtl_skip_mlo -name rtl_1
close_design
synth_design -rtl -rtl_skip_mlo -name rtl_1
close_design
synth_design -rtl -rtl_skip_mlo -name rtl_1
close_design
launch_simulation
source TopAscensor_TB.tcl
close_sim
launch_simulation
launch_simulation
source TopAscensor_TB.tcl
close_sim
launch_simulation
source TopAscensor_TB.tcl
close_sim
synth_design -rtl -rtl_skip_mlo -name rtl_1
close_design
launch_simulation
launch_simulation
source TopAscensor_TB.tcl
close_sim
launch_simulation
source TopAscensor_TB.tcl
close_sim
launch_simulation
launch_simulation
source TopAscensor_TB.tcl
close_sim
launch_simulation
launch_simulation
source TopAscensor_TB.tcl
close_sim
launch_simulation
source TopAscensor_TB.tcl
close_sim
launch_simulation
source TopAscensor_TB.tcl
close_sim
launch_simulation
launch_simulation
source TopAscensor_TB.tcl
close_sim
launch_simulation
launch_simulation
source TopAscensor_TB.tcl
close_sim
launch_simulation
source TopAscensor_TB.tcl
close_sim
synth_design -rtl -rtl_skip_mlo -name rtl_1
close_design
launch_simulation
source TopAscensor_TB.tcl
close_sim
launch_simulation
launch_simulation
source TopAscensor_TB.tcl
close_sim
